components/ui/animated-gallery.tsx(183,13): error TS2322: Type '{ type: string; stiffness: number; damping: number; mass: number; restDelta: number; }' is not assignable to type 'Transition<any> | undefined'.
  Type '{ type: string; stiffness: number; damping: number; mass: number; restDelta: number; }' is not assignable to type 'TransitionWithValueOverrides<any>'.
    Type '{ type: string; stiffness: number; damping: number; mass: number; restDelta: number; }' is not assignable to type 'ValueAnimationTransition<any>'.
      Types of property 'type' are incompatible.
        Type 'string' is not assignable to type 'AnimationGeneratorType | undefined'.
components/ui/inverted-cursor.tsx(11,22): error TS2554: Expected 1 arguments, but got 0.
